\BOOKMARK [0][-]{chapter*.5}{\376\377\000L\000i\000s\000t\000\040\000o\000f\000\040\000F\000i\000g\000u\000r\000e\000s}{}% 1
\BOOKMARK [0][-]{chapter*.6}{\376\377\000L\000i\000s\000t\000\040\000o\000f\000\040\000T\000a\000b\000l\000e\000s}{}% 2
\BOOKMARK [0][-]{section*.7}{\376\377\000A\000c\000r\000o\000n\000y\000m\000s}{}% 3
\BOOKMARK [0][-]{chapter.1}{\376\377\000I\000n\000t\000r\000o\000d\000u\000c\000t\000i\000o\000n}{}% 4
\BOOKMARK [1][-]{section.1.1}{\376\377\000B\000a\000c\000k\000g\000r\000o\000u\000n\000d}{chapter.1}% 5
\BOOKMARK [1][-]{section.1.2}{\376\377\000P\000r\000o\000b\000l\000e\000m\000\040\000S\000t\000a\000t\000e\000m\000e\000n\000t}{chapter.1}% 6
\BOOKMARK [1][-]{section.1.3}{\376\377\000O\000b\000j\000e\000c\000t\000i\000v\000e\000s}{chapter.1}% 7
\BOOKMARK [1][-]{section.1.4}{\376\377\000S\000c\000o\000p\000e\000\040\000a\000n\000d\000\040\000L\000i\000m\000i\000t\000a\000t\000i\000o\000n\000s}{chapter.1}% 8
\BOOKMARK [0][-]{chapter.2}{\376\377\000L\000i\000t\000e\000r\000a\000t\000u\000r\000e\000\040\000R\000e\000v\000i\000e\000w}{}% 9
\BOOKMARK [1][-]{section.2.1}{\376\377\000S\000D\000R\000\040\000B\000a\000s\000e\000d\000\040\000R\000a\000d\000a\000r\000\040\000S\000y\000s\000t\000e\000m\000s}{chapter.2}% 10
\BOOKMARK [1][-]{section.2.2}{\376\377\000O\000F\000D\000M\000\040\000B\000a\000s\000e\000d\000\040\000R\000a\000d\000a\000r\000\040\000S\000y\000s\000t\000e\000m\000s}{chapter.2}% 11
\BOOKMARK [1][-]{section.2.3}{\376\377\000C\000u\000r\000r\000e\000n\000t\000\040\000T\000a\000r\000g\000e\000t\000\040\000C\000l\000a\000s\000s\000i\000f\000i\000c\000a\000t\000i\000o\000n\000\040\000A\000b\000i\000l\000i\000t\000i\000e\000s\000\040\000o\000f\000\040\000R\000a\000d\000a\000r\000s}{chapter.2}% 12
\BOOKMARK [0][-]{chapter.3}{\376\377\000T\000h\000e\000o\000r\000y}{}% 13
\BOOKMARK [1][-]{section.3.1}{\376\377\000S\000o\000f\000t\000w\000a\000r\000e\000\040\000D\000e\000f\000i\000n\000e\000d\000\040\000R\000a\000d\000i\000o\000s}{chapter.3}% 14
\BOOKMARK [2][-]{subsection.3.1.1}{\376\377\000T\000h\000e\000o\000r\000y\000\040\000o\000f\000\040\000O\000p\000e\000r\000a\000t\000i\000o\000n}{section.3.1}% 15
\BOOKMARK [2][-]{subsection.3.1.2}{\376\377\000B\000a\000n\000d\000w\000i\000d\000t\000h}{section.3.1}% 16
\BOOKMARK [2][-]{subsection.3.1.3}{\376\377\000S\000a\000m\000p\000l\000i\000n\000g\000\040\000R\000a\000t\000e}{section.3.1}% 17
\BOOKMARK [2][-]{subsection.3.1.4}{\376\377\000T\000u\000n\000i\000n\000g\000\040\000F\000r\000e\000q\000u\000e\000n\000c\000y}{section.3.1}% 18
\BOOKMARK [1][-]{section.3.2}{\376\377\000O\000r\000t\000h\000o\000g\000o\000n\000a\000l\000\040\000F\000r\000e\000q\000u\000e\000n\000c\000y\000\040\000D\000i\000v\000i\000s\000i\000o\000n\000\040\000M\000u\000l\000t\000i\000p\000l\000e\000x\000i\000n\000g}{chapter.3}% 19
\BOOKMARK [2][-]{subsection.3.2.1}{\376\377\000B\000a\000s\000i\000c\000\040\000O\000p\000e\000r\000a\000t\000i\000n\000g\000\040\000P\000r\000i\000n\000c\000i\000p\000l\000e\000s}{section.3.2}% 20
\BOOKMARK [2][-]{subsection.3.2.2}{\376\377\000D\000a\000t\000a\000\040\000M\000o\000d\000u\000l\000a\000t\000i\000o\000n}{section.3.2}% 21
\BOOKMARK [2][-]{subsection.3.2.3}{\376\377\000C\000h\000a\000n\000n\000e\000l\000\040\000E\000s\000t\000i\000m\000a\000t\000i\000o\000n}{section.3.2}% 22
\BOOKMARK [2][-]{subsection.3.2.4}{\376\377\000E\000q\000u\000a\000l\000i\000z\000a\000t\000i\000o\000n}{section.3.2}% 23
\BOOKMARK [1][-]{section.3.3}{\376\377\000P\000r\000i\000n\000c\000i\000p\000a\000l\000\040\000C\000o\000m\000p\000o\000n\000e\000n\000t\000\040\000A\000n\000a\000l\000y\000s\000i\000s}{chapter.3}% 24
\BOOKMARK [1][-]{section.3.4}{\376\377\000C\000l\000a\000s\000s\000i\000c\000a\000l\000\040\000R\000A\000D\000A\000R}{chapter.3}% 25
\BOOKMARK [2][-]{subsection.3.4.1}{\376\377\000B\000r\000i\000e\000f\000\040\000H\000i\000s\000t\000o\000r\000y}{section.3.4}% 26
\BOOKMARK [2][-]{subsection.3.4.2}{\376\377\000R\000A\000D\000A\000R\000\040\000W\000o\000r\000k\000i\000n\000g\000s}{section.3.4}% 27
\BOOKMARK [2][-]{subsection.3.4.3}{\376\377\000A\000d\000v\000a\000n\000t\000a\000g\000e\000s\000\040\000a\000n\000d\000\040\000D\000i\000s\000a\000d\000v\000a\000n\000t\000a\000g\000e\000s\000\040\000o\000f\000\040\000R\000A\000D\000A\000R}{section.3.4}% 28
\BOOKMARK [1][-]{section.3.5}{\376\377\000O\000F\000D\000M}{chapter.3}% 29
\BOOKMARK [2][-]{subsection.3.5.1}{\376\377\000B\000r\000i\000e\000f\000\040\000H\000i\000s\000t\000o\000r\000y}{section.3.5}% 30
\BOOKMARK [3][-]{subsubsection.3.5.1.1}{\376\377\000P\000r\000e\000v\000i\000o\000u\000s\000\040\000T\000r\000a\000n\000s\000m\000i\000s\000s\000i\000o\000n\000\040\000T\000e\000c\000h\000n\000i\000q\000u\000e\000s}{subsection.3.5.1}% 31
\BOOKMARK [3][-]{subsubsection.3.5.1.2}{\376\377\000O\000F\000D\000M}{subsection.3.5.1}% 32
\BOOKMARK [2][-]{subsection.3.5.2}{\376\377\000A\000d\000v\000a\000n\000t\000a\000g\000e\000s\000\040\000a\000n\000d\000\040\000D\000i\000s\000a\000d\000v\000a\000n\000t\000a\000g\000e\000s\000\040\000o\000f\000\040\000O\000F\000D\000M}{section.3.5}% 33
\BOOKMARK [1][-]{section.3.6}{\376\377\000O\000F\000D\000M\000\040\000b\000a\000s\000e\000d\000\040\000R\000A\000D\000A\000R}{chapter.3}% 34
\BOOKMARK [2][-]{subsection.3.6.1}{\376\377\000B\000r\000i\000e\000f\000\040\000H\000i\000s\000t\000o\000r\000y\000\040\000o\000f\000\040\000O\000F\000D\000M\000\040\000b\000a\000s\000e\000d\000\040\000R\000A\000D\000A\000R}{section.3.6}% 35
\BOOKMARK [2][-]{subsection.3.6.2}{\376\377\000I\000m\000p\000l\000e\000m\000e\000n\000t\000a\000t\000i\000o\000n\000\040\000o\000f\000\040\000O\000F\000D\000M\000\040\000b\000a\000s\000e\000d\000\040\000R\000A\000D\000A\000R}{section.3.6}% 36
\BOOKMARK [2][-]{subsection.3.6.3}{\376\377\000A\000d\000v\000a\000n\000t\000a\000g\000e\000s\000\040\000a\000n\000d\000\040\000D\000i\000s\000a\000d\000v\000a\000n\000t\000a\000g\000e\000s\000\040\000o\000f\000\040\000O\000F\000D\000M\000\040\000b\000a\000s\000e\000d\000\040\000R\000A\000D\000A\000R}{section.3.6}% 37
\BOOKMARK [1][-]{section.3.7}{\376\377\000C\000r\000i\000t\000i\000q\000u\000e\000\040\000o\000f\000\040\000L\000i\000t\000e\000r\000a\000t\000u\000r\000e}{chapter.3}% 38
\BOOKMARK [0][-]{chapter.4}{\376\377\000S\000y\000s\000t\000e\000m\000\040\000D\000e\000s\000i\000g\000n}{}% 39
\BOOKMARK [1][-]{section.4.1}{\376\377\000R\000e\000q\000u\000i\000r\000e\000m\000e\000n\000t\000\040\000a\000n\000d\000\040\000S\000p\000e\000c\000i\000f\000i\000c\000a\000t\000i\000o\000n\000\040\000A\000n\000a\000l\000y\000s\000i\000s}{chapter.4}% 40
\BOOKMARK [2][-]{subsection.4.1.1}{\376\377\000S\000y\000s\000t\000e\000m\000\040\000R\000e\000q\000u\000i\000r\000e\000m\000e\000n\000t\000s}{section.4.1}% 41
\BOOKMARK [2][-]{subsection.4.1.2}{\376\377\000S\000y\000s\000t\000e\000m\000\040\000S\000p\000e\000c\000i\000f\000i\000c\000a\000t\000i\000o\000n\000s}{section.4.1}% 42
\BOOKMARK [1][-]{section.4.2}{\376\377\000M\000o\000d\000u\000l\000e\000s\000\040\000a\000n\000d\000\040\000S\000u\000b\000m\000o\000d\000u\000l\000e\000s}{chapter.4}% 43
\BOOKMARK [1][-]{section.4.3}{\376\377\000C\000o\000m\000p\000o\000n\000e\000n\000t\000\040\000S\000e\000l\000e\000c\000t\000i\000o\000n}{chapter.4}% 44
\BOOKMARK [2][-]{subsection.4.3.1}{\376\377\000H\000a\000r\000d\000w\000a\000r\000e}{section.4.3}% 45
\BOOKMARK [3][-]{subsubsection.4.3.1.1}{\376\377\000C\000o\000m\000p\000u\000t\000i\000n\000g\000\040\000U\000n\000i\000t}{subsection.4.3.1}% 46
\BOOKMARK [3][-]{subsubsection.4.3.1.2}{\376\377\000S\000o\000f\000t\000w\000a\000r\000e\000\040\000D\000e\000f\000i\000n\000e\000d\000\040\000R\000a\000d\000i\000o\000s}{subsection.4.3.1}% 47
\BOOKMARK [3][-]{subsubsection.4.3.1.3}{\376\377\000A\000n\000t\000e\000n\000n\000a\000s}{subsection.4.3.1}% 48
\BOOKMARK [3][-]{subsubsection.4.3.1.4}{\376\377\000C\000a\000r\000r\000y\000i\000n\000g\000\040\000R\000i\000g}{subsection.4.3.1}% 49
\BOOKMARK [3][-]{subsubsection.4.3.1.5}{\376\377\000P\000e\000r\000i\000p\000h\000e\000r\000y\000\040\000D\000e\000v\000i\000c\000e\000s}{subsection.4.3.1}% 50
\BOOKMARK [2][-]{subsection.4.3.2}{\376\377\000S\000o\000f\000t\000w\000a\000r\000e}{section.4.3}% 51
\BOOKMARK [1][-]{section.4.4}{\376\377\000R\000a\000n\000g\000e\000\040\000R\000a\000d\000a\000r\000\040\000P\000i\000p\000e\000l\000i\000n\000e\000\040\000D\000e\000s\000i\000g\000n}{chapter.4}% 52
\BOOKMARK [1][-]{section.4.5}{\376\377\000C\000o\000m\000m\000u\000n\000i\000c\000a\000t\000i\000o\000n\000\040\000R\000a\000d\000a\000r\000\040\000P\000i\000p\000e\000l\000i\000n\000e\000\040\000D\000e\000s\000i\000g\000n}{chapter.4}% 53
\BOOKMARK [1][-]{section.4.6}{\376\377\000R\000a\000n\000g\000e\000\040\000R\000a\000d\000a\000r\000\040\000P\000i\000p\000e\000l\000i\000n\000e\000\040\000D\000e\000s\000i\000g\000n}{chapter.4}% 54
\BOOKMARK [0][-]{chapter.5}{\376\377\000V\000a\000l\000i\000d\000a\000t\000i\000o\000n\000\040\000a\000n\000d\000\040\000S\000i\000m\000u\000l\000a\000t\000i\000o\000n}{}% 55
\BOOKMARK [1][-]{section.5.1}{\376\377\000V\000a\000l\000i\000d\000a\000t\000i\000o\000n}{chapter.5}% 56
\BOOKMARK [2][-]{subsection.5.1.1}{\376\377\000T\000r\000a\000n\000s\000m\000i\000t\000t\000e\000r\000\040\000V\000a\000l\000i\000d\000a\000t\000i\000o\000n}{section.5.1}% 57
\BOOKMARK [3][-]{subsubsection.5.1.1.1}{\376\377\000P\000o\000w\000e\000r\000\040\000M\000o\000d\000u\000l\000e}{subsection.5.1.1}% 58
\BOOKMARK [3][-]{subsubsection.5.1.1.2}{\376\377\000M\000i\000c\000r\000o\000c\000o\000n\000t\000r\000o\000l\000l\000e\000r}{subsection.5.1.1}% 59
\BOOKMARK [3][-]{subsubsection.5.1.1.3}{\376\377\000S\000e\000n\000s\000o\000r\000\040\000M\000o\000d\000u\000l\000e\000s}{subsection.5.1.1}% 60
\BOOKMARK [3][-]{subsubsection.5.1.1.4}{\376\377\000L\000o\000R\000a\000\040\000m\000o\000d\000u\000l\000e\000\040\000a\000n\000d\000\040\000D\000i\000s\000p\000l\000a\000y\000\040\000a\000n\000d\000\040\000C\000o\000n\000t\000r\000o\000l\000\040\000M\000o\000d\000u\000l\000e}{subsection.5.1.1}% 61
\BOOKMARK [2][-]{subsection.5.1.2}{\376\377\000R\000e\000c\000e\000i\000v\000e\000r\000\040\000V\000a\000l\000i\000d\000a\000t\000i\000o\000n}{section.5.1}% 62
\BOOKMARK [1][-]{section.5.2}{\376\377\000S\000i\000m\000u\000l\000a\000t\000i\000o\000n}{chapter.5}% 63
\BOOKMARK [0][-]{chapter.6}{\376\377\000M\000e\000t\000h\000o\000d\000o\000l\000o\000g\000y}{}% 64
\BOOKMARK [1][-]{section.6.1}{\376\377\000A\000c\000c\000e\000p\000t\000a\000n\000c\000e\000\040\000T\000e\000s\000t\000\040\000P\000r\000o\000t\000o\000c\000o\000l\000s}{chapter.6}% 65
\BOOKMARK [1][-]{section.6.2}{\376\377\000E\000x\000p\000e\000r\000i\000m\000e\000n\000t\000a\000l\000\040\000D\000e\000s\000i\000g\000n}{chapter.6}% 66
\BOOKMARK [2][-]{subsection.6.2.1}{\376\377\000O\000v\000e\000r\000v\000i\000e\000w}{section.6.2}% 67
\BOOKMARK [2][-]{subsection.6.2.2}{\376\377\000C\000o\000m\000m\000u\000n\000i\000c\000a\000t\000i\000o\000n\000\040\000T\000e\000s\000t}{section.6.2}% 68
\BOOKMARK [3][-]{subsubsection.6.2.2.1}{\376\377\000T\000e\000s\000t\000\040\0001\000:\000\040\000C\000o\000m\000m\000u\000n\000i\000c\000a\000t\000i\000o\000n\000\040\000S\000y\000s\000t\000e\000m\000\040\000C\000h\000a\000r\000a\000c\000t\000e\000r\000i\000z\000a\000t\000i\000o\000n\000\040\000v\000i\000a\000\040\000L\000o\000o\000p\000b\000a\000c\000k}{subsection.6.2.2}% 69
\BOOKMARK [3][-]{subsubsection.6.2.2.2}{\376\377\000T\000e\000s\000t\000\040\0002\000:\000\040\000L\000o\000n\000g\000\040\000C\000a\000b\000l\000e\000\040\000L\000o\000o\000p\000b\000a\000c\000k\000\040\000T\000e\000s\000t}{subsection.6.2.2}% 70
\BOOKMARK [3][-]{subsubsection.6.2.2.3}{\376\377\000T\000e\000s\000t\000\040\0003\000:\000\040\000R\000e\000a\000l\000\040\000W\000o\000r\000l\000d\000\040\000A\000n\000t\000e\000n\000n\000a\000\040\000T\000e\000s\000t}{subsection.6.2.2}% 71
\BOOKMARK [2][-]{subsection.6.2.3}{\376\377\000R\000a\000n\000g\000e\000\040\000T\000e\000s\000t\000\040\000T\000e\000s\000t\000s}{section.6.2}% 72
\BOOKMARK [3][-]{subsubsection.6.2.3.1}{\376\377\000T\000e\000s\000t\000\040\0001\000:\000\040}{subsection.6.2.3}% 73
\BOOKMARK [2][-]{subsection.6.2.4}{\376\377\000C\000l\000a\000s\000s\000i\000f\000i\000c\000a\000t\000i\000o\000n\000\040\000T\000e\000s\000t}{section.6.2}% 74
\BOOKMARK [0][-]{chapter.7}{\376\377\000R\000e\000s\000u\000l\000t\000s}{}% 75
\BOOKMARK [1][-]{section.7.1}{\376\377\000C\000o\000m\000m\000u\000n\000i\000c\000a\000t\000i\000o\000n\000\040\000T\000e\000s\000t\000i\000n\000g}{chapter.7}% 76
\BOOKMARK [1][-]{section.7.2}{\376\377\000R\000a\000n\000g\000e\000\040\000T\000e\000s\000t\000i\000n\000g}{chapter.7}% 77
\BOOKMARK [2][-]{subsection.7.2.1}{\376\377\000I\000n\000d\000o\000o\000r\000\040\000T\000e\000s\000t\000i\000n\000g}{section.7.2}% 78
\BOOKMARK [3][-]{subsubsection.7.2.1.1}{\376\377\0006\000m\000\040\000T\000e\000s\000t}{subsection.7.2.1}% 79
\BOOKMARK [3][-]{subsubsection.7.2.1.2}{\376\377\0001\0002\000m\000\040\000T\000e\000s\000t}{subsection.7.2.1}% 80
\BOOKMARK [2][-]{subsection.7.2.2}{\376\377\000O\000u\000t\000d\000o\000o\000r\000\040\000T\000e\000s\000t\000i\000n\000g}{section.7.2}% 81
\BOOKMARK [3][-]{subsubsection.7.2.2.1}{\376\377\0006\000m\000\040\000T\000e\000s\000t}{subsection.7.2.2}% 82
\BOOKMARK [3][-]{subsubsection.7.2.2.2}{\376\377\0001\0002\000m\000\040\000T\000e\000s\000t}{subsection.7.2.2}% 83
\BOOKMARK [1][-]{section.7.3}{\376\377\000C\000l\000a\000s\000s\000i\000f\000i\000c\000a\000t\000i\000o\000n\000\040\000T\000e\000s\000t\000i\000n\000g}{chapter.7}% 84
\BOOKMARK [2][-]{subsection.7.3.1}{\376\377\000I\000n\000d\000o\000o\000r\000\040\000T\000e\000s\000t\000i\000n\000g}{section.7.3}% 85
\BOOKMARK [3][-]{subsubsection.7.3.1.1}{\376\377\0003\000m\000\040\000T\000e\000s\000t}{subsection.7.3.1}% 86
\BOOKMARK [3][-]{subsubsection.7.3.1.2}{\376\377\0006\000m\000\040\000T\000e\000s\000t}{subsection.7.3.1}% 87
\BOOKMARK [3][-]{subsubsection.7.3.1.3}{\376\377\000R\000o\000t\000a\000t\000i\000o\000n\000a\000l\000\040\000T\000e\000s\000t}{subsection.7.3.1}% 88
\BOOKMARK [3][-]{subsubsection.7.3.1.4}{\376\377\000M\000o\000v\000i\000n\000g\000\040\000T\000a\000r\000g\000e\000t\000\040\000T\000e\000s\000t}{subsection.7.3.1}% 89
\BOOKMARK [2][-]{subsection.7.3.2}{\376\377\000O\000u\000t\000d\000o\000o\000r\000\040\000T\000e\000s\000t\000i\000n\000g}{section.7.3}% 90
\BOOKMARK [3][-]{subsubsection.7.3.2.1}{\376\377\0003\000m\000\040\000T\000e\000s\000t}{subsection.7.3.2}% 91
\BOOKMARK [3][-]{subsubsection.7.3.2.2}{\376\377\0006\000m\000\040\000T\000e\000s\000t}{subsection.7.3.2}% 92
\BOOKMARK [3][-]{subsubsection.7.3.2.3}{\376\377\000M\000o\000v\000i\000n\000g\000\040\000T\000a\000r\000g\000e\000t\000\040\000T\000e\000s\000t}{subsection.7.3.2}% 93
\BOOKMARK [0][-]{chapter.8}{\376\377\000D\000i\000s\000c\000u\000s\000s\000i\000o\000n}{}% 94
\BOOKMARK [1][-]{section.8.1}{\376\377\000R\000S\000S\000I\000\040\000V\000a\000l\000u\000e\000s\000\040\000w\000i\000t\000h\000\040\000D\000i\000s\000t\000a\000n\000c\000e}{chapter.8}% 95
\BOOKMARK [1][-]{section.8.2}{\376\377\000O\000v\000e\000r\000a\000l\000l\000\040\000T\000e\000s\000t\000i\000n\000g\000\040\000P\000e\000r\000f\000o\000r\000m\000a\000n\000c\000e}{chapter.8}% 96
\BOOKMARK [1][-]{section.8.3}{\376\377\000D\000e\000t\000e\000r\000m\000i\000n\000i\000n\000g\000\040\000t\000h\000e\000\040\000O\000p\000t\000i\000m\000a\000l\000\040\000P\000a\000c\000k\000e\000t\000\040\000S\000t\000r\000u\000c\000t\000u\000r\000e}{chapter.8}% 97
\BOOKMARK [1][-]{section.8.4}{\376\377\000D\000e\000t\000e\000r\000m\000i\000n\000i\000n\000g\000\040\000t\000h\000e\000\040\000O\000p\000t\000i\000m\000a\000l\000\040\000L\000o\000R\000a\000\040\000P\000a\000r\000a\000m\000e\000t\000e\000r\000s}{chapter.8}% 98
\BOOKMARK [0][-]{chapter.9}{\376\377\000C\000o\000n\000c\000l\000u\000s\000i\000o\000n\000\040\000a\000n\000d\000\040\000R\000e\000c\000o\000m\000m\000e\000n\000d\000a\000t\000i\000o\000n\000s}{}% 99
\BOOKMARK [0][-]{chapter*.25}{\376\377\000B\000i\000b\000l\000i\000o\000g\000r\000a\000p\000h\000y}{}% 100
\BOOKMARK [0][-]{chapter.10}{\376\377\000A\000p\000p\000e\000n\000d\000i\000x}{}% 101
\BOOKMARK [1][-]{section.10.1}{\376\377\000F\000u\000l\000l\000\040\000T\000r\000a\000n\000s\000m\000i\000t\000t\000e\000r\000\040\000C\000i\000r\000c\000u\000i\000t\000\040\000S\000c\000h\000e\000m\000a\000t\000i\000c}{chapter.10}% 102
\BOOKMARK [1][-]{section.10.2}{\376\377\000F\000u\000l\000l\000\040\000R\000e\000c\000e\000i\000v\000e\000r\000\040\000C\000i\000r\000c\000u\000i\000t\000\040\000S\000c\000h\000e\000m\000a\000t\000i\000c}{chapter.10}% 103
\BOOKMARK [1][-]{section.10.3}{\376\377\000L\000o\000n\000g\000\040\000R\000a\000n\000g\000e\000\040\000T\000e\000s\000t\000\040\000I\000n\000t\000e\000r\000f\000e\000r\000e\000n\000c\000e}{chapter.10}% 104
\BOOKMARK [1][-]{section.10.4}{\376\377\000G\000i\000t\000H\000u\000b\000\040\000L\000i\000n\000k}{chapter.10}% 105
\BOOKMARK [1][-]{section.10.5}{\376\377\000E\000t\000h\000i\000c\000s\000\040\000C\000l\000e\000a\000r\000a\000n\000c\000e}{chapter.10}% 106
